#0 building with "default" instance using docker driver

#1 [internal] load build definition from Dockerfile.reference
#1 transferring dockerfile: 266B done
#1 DONE 0.0s

#2 [internal] load metadata for docker.io/library/python:3.13-slim
#2 DONE 0.0s

#3 [internal] load .dockerignore
#3 transferring context: 2B done
#3 DONE 0.0s

#4 [1/5] FROM docker.io/library/python:3.13-slim@sha256:7c61056e61ac89e852de05f3dc6fa51a6dd2181797bceed46aa725dd7cb2cd3b
#4 resolve docker.io/library/python:3.13-slim@sha256:7c61056e61ac89e852de05f3dc6fa51a6dd2181797bceed46aa725dd7cb2cd3b 0.0s done
#4 DONE 0.0s

#5 [2/5] WORKDIR /work
#5 CACHED

#6 [internal] load build context
#6 transferring context: 55B done
#6 DONE 0.0s

#7 [3/5] RUN apt-get update &&     apt-get install -y --no-install-recommends gcc make libc6-dev &&     rm -rf /var/lib/apt/lists/*
#7 0.701 Hit:1 http://deb.debian.org/debian trixie InRelease
#7 0.898 Get:2 http://deb.debian.org/debian trixie-updates InRelease [47.3 kB]
#7 1.138 Get:3 http://deb.debian.org/debian-security trixie-security InRelease [43.4 kB]
#7 1.959 Get:4 http://deb.debian.org/debian trixie/main amd64 Packages [9678 kB]
#7 2.526 Get:5 http://deb.debian.org/debian trixie-updates/main amd64 Packages [4412 B]
#7 2.833 Get:6 http://deb.debian.org/debian-security trixie-security/main amd64 Packages [261 kB]
#7 2.864 Fetched 10.0 MB in 2s (4105 kB/s)
#7 2.864 Reading package lists...
#7 3.393 Reading package lists...
#7 3.926 Building dependency tree...
#7 4.087 Reading state information...
#7 4.328 The following additional packages will be installed:
#7 4.328   binutils binutils-common binutils-x86-64-linux-gnu cpp cpp-14
#7 4.328   cpp-14-x86-64-linux-gnu cpp-x86-64-linux-gnu gcc-14 gcc-14-x86-64-linux-gnu
#7 4.329   gcc-x86-64-linux-gnu libasan8 libatomic1 libbinutils libc-dev-bin libcc1-0
#7 4.329   libcrypt-dev libctf-nobfd0 libctf0 libgcc-14-dev libgomp1 libgprofng0
#7 4.329   libhwasan0 libisl23 libitm1 libjansson4 liblsan0 libmpc3 libmpfr6
#7 4.331   libquadmath0 libsframe1 libtsan2 libubsan1 linux-libc-dev rpcsvc-proto
#7 4.332 Suggested packages:
#7 4.332   binutils-doc gprofng-gui binutils-gold cpp-doc gcc-14-locales cpp-14-doc
#7 4.332   gcc-multilib manpages-dev autoconf automake libtool flex bison gdb gcc-doc
#7 4.332   gcc-14-multilib gcc-14-doc gdb-x86-64-linux-gnu libc-devtools glibc-doc
#7 4.332   make-doc
#7 4.332 Recommended packages:
#7 4.332   manpages manpages-dev
#7 4.427 The following NEW packages will be installed:
#7 4.427   binutils binutils-common binutils-x86-64-linux-gnu cpp cpp-14
#7 4.427   cpp-14-x86-64-linux-gnu cpp-x86-64-linux-gnu gcc gcc-14
#7 4.427   gcc-14-x86-64-linux-gnu gcc-x86-64-linux-gnu libasan8 libatomic1 libbinutils
#7 4.427   libc-dev-bin libc6-dev libcc1-0 libcrypt-dev libctf-nobfd0 libctf0
#7 4.428   libgcc-14-dev libgomp1 libgprofng0 libhwasan0 libisl23 libitm1 libjansson4
#7 4.429   liblsan0 libmpc3 libmpfr6 libquadmath0 libsframe1 libtsan2 libubsan1
#7 4.429   linux-libc-dev make rpcsvc-proto
#7 4.681 0 upgraded, 37 newly installed, 0 to remove and 0 not upgraded.
#7 4.681 Need to get 57.5 MB of archives.
#7 4.681 After this operation, 219 MB of additional disk space will be used.
#7 4.681 Get:1 http://deb.debian.org/debian trixie/main amd64 libsframe1 amd64 2.44-3 [78.4 kB]
#7 5.132 Get:2 http://deb.debian.org/debian trixie/main amd64 binutils-common amd64 2.44-3 [2509 kB]
#7 5.580 Get:3 http://deb.debian.org/debian trixie/main amd64 libbinutils amd64 2.44-3 [534 kB]
#7 5.930 Get:4 http://deb.debian.org/debian trixie/main amd64 libgprofng0 amd64 2.44-3 [808 kB]
#7 6.167 Get:5 http://deb.debian.org/debian trixie/main amd64 libctf-nobfd0 amd64 2.44-3 [156 kB]
#7 6.383 Get:6 http://deb.debian.org/debian trixie/main amd64 libctf0 amd64 2.44-3 [88.6 kB]
#7 6.566 Get:7 http://deb.debian.org/debian trixie/main amd64 libjansson4 amd64 2.14-2+b3 [39.8 kB]
#7 6.932 Get:8 http://deb.debian.org/debian trixie/main amd64 binutils-x86-64-linux-gnu amd64 2.44-3 [1014 kB]
#7 7.225 Get:9 http://deb.debian.org/debian trixie/main amd64 binutils amd64 2.44-3 [265 kB]
#7 7.574 Get:10 http://deb.debian.org/debian trixie/main amd64 libisl23 amd64 0.27-1 [659 kB]
#7 8.013 Get:11 http://deb.debian.org/debian trixie/main amd64 libmpfr6 amd64 4.2.2-1 [729 kB]
#7 8.242 Get:12 http://deb.debian.org/debian trixie/main amd64 libmpc3 amd64 1.3.1-1+b3 [52.2 kB]
#7 8.760 Get:13 http://deb.debian.org/debian trixie/main amd64 cpp-14-x86-64-linux-gnu amd64 14.2.0-19 [11.0 MB]
#7 9.595 Get:14 http://deb.debian.org/debian trixie/main amd64 cpp-14 amd64 14.2.0-19 [1280 B]
#7 9.790 Get:15 http://deb.debian.org/debian trixie/main amd64 cpp-x86-64-linux-gnu amd64 4:14.2.0-1 [4840 B]
#7 9.938 Get:16 http://deb.debian.org/debian trixie/main amd64 cpp amd64 4:14.2.0-1 [1568 B]
#7 10.18 Get:17 http://deb.debian.org/debian trixie/main amd64 libcc1-0 amd64 14.2.0-19 [42.8 kB]
#7 10.47 Get:18 http://deb.debian.org/debian trixie/main amd64 libgomp1 amd64 14.2.0-19 [137 kB]
#7 10.70 Get:19 http://deb.debian.org/debian trixie/main amd64 libitm1 amd64 14.2.0-19 [26.0 kB]
#7 10.88 Get:20 http://deb.debian.org/debian trixie/main amd64 libatomic1 amd64 14.2.0-19 [9308 B]
#7 11.26 Get:21 http://deb.debian.org/debian trixie/main amd64 libasan8 amd64 14.2.0-19 [2725 kB]
#7 11.82 Get:22 http://deb.debian.org/debian trixie/main amd64 liblsan0 amd64 14.2.0-19 [1204 kB]
#7 12.27 Get:23 http://deb.debian.org/debian trixie/main amd64 libtsan2 amd64 14.2.0-19 [2460 kB]
#7 12.75 Get:24 http://deb.debian.org/debian trixie/main amd64 libubsan1 amd64 14.2.0-19 [1074 kB]
#7 13.17 Get:25 http://deb.debian.org/debian trixie/main amd64 libhwasan0 amd64 14.2.0-19 [1488 kB]
#7 13.46 Get:26 http://deb.debian.org/debian trixie/main amd64 libquadmath0 amd64 14.2.0-19 [145 kB]
#7 16.70 Get:27 http://deb.debian.org/debian trixie/main amd64 libgcc-14-dev amd64 14.2.0-19 [2672 kB]
#7 17.76 Get:28 http://deb.debian.org/debian trixie/main amd64 gcc-14-x86-64-linux-gnu amd64 14.2.0-19 [21.4 MB]
#7 19.36 Get:29 http://deb.debian.org/debian trixie/main amd64 gcc-14 amd64 14.2.0-19 [540 kB]
#7 19.49 Get:30 http://deb.debian.org/debian trixie/main amd64 gcc-x86-64-linux-gnu amd64 4:14.2.0-1 [1436 B]
#7 19.67 Get:31 http://deb.debian.org/debian trixie/main amd64 gcc amd64 4:14.2.0-1 [5136 B]
#7 19.88 Get:32 http://deb.debian.org/debian trixie/main amd64 libc-dev-bin amd64 2.41-12+deb13u4 [60.0 kB]
#7 20.27 Get:33 http://deb.debian.org/debian trixie/main amd64 linux-libc-dev all 6.12.107-1 [2919 kB]
#7 20.66 Get:34 http://deb.debian.org/debian trixie/main amd64 libcrypt-dev amd64 1:4.4.38-1 [119 kB]
#7 20.89 Get:35 http://deb.debian.org/debian trixie/main amd64 rpcsvc-proto amd64 1.4.3-1 [63.3 kB]
#7 21.27 Get:36 http://deb.debian.org/debian trixie/main amd64 libc6-dev amd64 2.41-12+deb13u4 [1995 kB]
#7 21.65 Get:37 http://deb.debian.org/debian trixie/main amd64 make amd64 4.4.1-2 [463 kB]
#7 21.83 debconf: unable to initialize frontend: Dialog
#7 21.83 debconf: (TERM is not set, so the dialog frontend is not usable.)
#7 21.83 debconf: falling back to frontend: Readline
#7 21.84 debconf: unable to initialize frontend: Readline
#7 21.84 debconf: (Can't locate Term/ReadLine.pm in @INC (you may need to install the Term::ReadLine module) (@INC entries checked: /etc/perl /usr/local/lib/x86_64-linux-gnu/perl/5.40.1 /usr/local/share/perl/5.40.1 /usr/lib/x86_64-linux-gnu/perl5/5.40 /usr/share/perl5 /usr/lib/x86_64-linux-gnu/perl-base /usr/lib/x86_64-linux-gnu/perl/5.40 /usr/share/perl/5.40 /usr/local/lib/site_perl) at /usr/share/perl5/Debconf/FrontEnd/Readline.pm line 8, <STDIN> line 37.)
#7 21.84 debconf: falling back to frontend: Teletype
#7 21.84 debconf: unable to initialize frontend: Teletype
#7 21.84 debconf: (This frontend requires a controlling tty.)
#7 21.84 debconf: falling back to frontend: Noninteractive
#7 22.81 Fetched 57.5 MB in 14s (4010 kB/s)
#7 22.84 Selecting previously unselected package libsframe1:amd64.
#7 22.84 (Reading database ... (Reading database ... 5%(Reading database ... 10%(Reading database ... 15%(Reading database ... 20%(Reading database ... 25%(Reading database ... 30%(Reading database ... 35%(Reading database ... 40%(Reading database ... 45%(Reading database ... 50%(Reading database ... 55%(Reading database ... 60%(Reading database ... 65%(Reading database ... 70%(Reading database ... 75%(Reading database ... 80%(Reading database ... 85%(Reading database ... 90%(Reading database ... 95%(Reading database ... 100%(Reading database ... 5660 files and directories currently installed.)
#7 22.87 Preparing to unpack .../00-libsframe1_2.44-3_amd64.deb ...
#7 22.88 Unpacking libsframe1:amd64 (2.44-3) ...
#7 22.91 Selecting previously unselected package binutils-common:amd64.
#7 22.91 Preparing to unpack .../01-binutils-common_2.44-3_amd64.deb ...
#7 22.91 Unpacking binutils-common:amd64 (2.44-3) ...
#7 23.03 Selecting previously unselected package libbinutils:amd64.
#7 23.03 Preparing to unpack .../02-libbinutils_2.44-3_amd64.deb ...
#7 23.03 Unpacking libbinutils:amd64 (2.44-3) ...
#7 23.08 Selecting previously unselected package libgprofng0:amd64.
#7 23.09 Preparing to unpack .../03-libgprofng0_2.44-3_amd64.deb ...
#7 23.09 Unpacking libgprofng0:amd64 (2.44-3) ...
#7 23.15 Selecting previously unselected package libctf-nobfd0:amd64.
#7 23.15 Preparing to unpack .../04-libctf-nobfd0_2.44-3_amd64.deb ...
#7 23.15 Unpacking libctf-nobfd0:amd64 (2.44-3) ...
#7 23.19 Selecting previously unselected package libctf0:amd64.
#7 23.19 Preparing to unpack .../05-libctf0_2.44-3_amd64.deb ...
#7 23.19 Unpacking libctf0:amd64 (2.44-3) ...
#7 23.23 Selecting previously unselected package libjansson4:amd64.
#7 23.23 Preparing to unpack .../06-libjansson4_2.14-2+b3_amd64.deb ...
#7 23.23 Unpacking libjansson4:amd64 (2.14-2+b3) ...
#7 23.26 Selecting previously unselected package binutils-x86-64-linux-gnu.
#7 23.26 Preparing to unpack .../07-binutils-x86-64-linux-gnu_2.44-3_amd64.deb ...
#7 23.26 Unpacking binutils-x86-64-linux-gnu (2.44-3) ...
#7 23.36 Selecting previously unselected package binutils.
#7 23.36 Preparing to unpack .../08-binutils_2.44-3_amd64.deb ...
#7 23.37 Unpacking binutils (2.44-3) ...
#7 23.42 Selecting previously unselected package libisl23:amd64.
#7 23.42 Preparing to unpack .../09-libisl23_0.27-1_amd64.deb ...
#7 23.43 Unpacking libisl23:amd64 (0.27-1) ...
#7 23.48 Selecting previously unselected package libmpfr6:amd64.
#7 23.48 Preparing to unpack .../10-libmpfr6_4.2.2-1_amd64.deb ...
#7 23.48 Unpacking libmpfr6:amd64 (4.2.2-1) ...
#7 23.52 Selecting previously unselected package libmpc3:amd64.
#7 23.52 Preparing to unpack .../11-libmpc3_1.3.1-1+b3_amd64.deb ...
#7 23.53 Unpacking libmpc3:amd64 (1.3.1-1+b3) ...
#7 23.56 Selecting previously unselected package cpp-14-x86-64-linux-gnu.
#7 23.56 Preparing to unpack .../12-cpp-14-x86-64-linux-gnu_14.2.0-19_amd64.deb ...
#7 23.56 Unpacking cpp-14-x86-64-linux-gnu (14.2.0-19) ...
#7 23.91 Selecting previously unselected package cpp-14.
#7 23.91 Preparing to unpack .../13-cpp-14_14.2.0-19_amd64.deb ...
#7 23.91 Unpacking cpp-14 (14.2.0-19) ...
#7 23.94 Selecting previously unselected package cpp-x86-64-linux-gnu.
#7 23.94 Preparing to unpack .../14-cpp-x86-64-linux-gnu_4%3a14.2.0-1_amd64.deb ...
#7 23.95 Unpacking cpp-x86-64-linux-gnu (4:14.2.0-1) ...
#7 23.98 Selecting previously unselected package cpp.
#7 23.98 Preparing to unpack .../15-cpp_4%3a14.2.0-1_amd64.deb ...
#7 23.99 Unpacking cpp (4:14.2.0-1) ...
#7 24.02 Selecting previously unselected package libcc1-0:amd64.
#7 24.02 Preparing to unpack .../16-libcc1-0_14.2.0-19_amd64.deb ...
#7 24.02 Unpacking libcc1-0:amd64 (14.2.0-19) ...
#7 24.05 Selecting previously unselected package libgomp1:amd64.
#7 24.05 Preparing to unpack .../17-libgomp1_14.2.0-19_amd64.deb ...
#7 24.06 Unpacking libgomp1:amd64 (14.2.0-19) ...
#7 24.09 Selecting previously unselected package libitm1:amd64.
#7 24.09 Preparing to unpack .../18-libitm1_14.2.0-19_amd64.deb ...
#7 24.09 Unpacking libitm1:amd64 (14.2.0-19) ...
#7 24.12 Selecting previously unselected package libatomic1:amd64.
#7 24.12 Preparing to unpack .../19-libatomic1_14.2.0-19_amd64.deb ...
#7 24.13 Unpacking libatomic1:amd64 (14.2.0-19) ...
#7 24.16 Selecting previously unselected package libasan8:amd64.
#7 24.16 Preparing to unpack .../20-libasan8_14.2.0-19_amd64.deb ...
#7 24.16 Unpacking libasan8:amd64 (14.2.0-19) ...
#7 24.29 Selecting previously unselected package liblsan0:amd64.
#7 24.29 Preparing to unpack .../21-liblsan0_14.2.0-19_amd64.deb ...
#7 24.29 Unpacking liblsan0:amd64 (14.2.0-19) ...
#7 24.39 Selecting previously unselected package libtsan2:amd64.
#7 24.39 Preparing to unpack .../22-libtsan2_14.2.0-19_amd64.deb ...
#7 24.39 Unpacking libtsan2:amd64 (14.2.0-19) ...
#7 24.50 Selecting previously unselected package libubsan1:amd64.
#7 24.50 Preparing to unpack .../23-libubsan1_14.2.0-19_amd64.deb ...
#7 24.51 Unpacking libubsan1:amd64 (14.2.0-19) ...
#7 24.58 Selecting previously unselected package libhwasan0:amd64.
#7 24.58 Preparing to unpack .../24-libhwasan0_14.2.0-19_amd64.deb ...
#7 24.58 Unpacking libhwasan0:amd64 (14.2.0-19) ...
#7 24.67 Selecting previously unselected package libquadmath0:amd64.
#7 24.68 Preparing to unpack .../25-libquadmath0_14.2.0-19_amd64.deb ...
#7 24.68 Unpacking libquadmath0:amd64 (14.2.0-19) ...
#7 24.71 Selecting previously unselected package libgcc-14-dev:amd64.
#7 24.71 Preparing to unpack .../26-libgcc-14-dev_14.2.0-19_amd64.deb ...
#7 24.72 Unpacking libgcc-14-dev:amd64 (14.2.0-19) ...
#7 24.87 Selecting previously unselected package gcc-14-x86-64-linux-gnu.
#7 24.87 Preparing to unpack .../27-gcc-14-x86-64-linux-gnu_14.2.0-19_amd64.deb ...
#7 24.87 Unpacking gcc-14-x86-64-linux-gnu (14.2.0-19) ...
#7 25.34 Selecting previously unselected package gcc-14.
#7 25.34 Preparing to unpack .../28-gcc-14_14.2.0-19_amd64.deb ...
#7 25.34 Unpacking gcc-14 (14.2.0-19) ...
#7 25.38 Selecting previously unselected package gcc-x86-64-linux-gnu.
#7 25.38 Preparing to unpack .../29-gcc-x86-64-linux-gnu_4%3a14.2.0-1_amd64.deb ...
#7 25.38 Unpacking gcc-x86-64-linux-gnu (4:14.2.0-1) ...
#7 25.41 Selecting previously unselected package gcc.
#7 25.41 Preparing to unpack .../30-gcc_4%3a14.2.0-1_amd64.deb ...
#7 25.41 Unpacking gcc (4:14.2.0-1) ...
#7 25.44 Selecting previously unselected package libc-dev-bin.
#7 25.44 Preparing to unpack .../31-libc-dev-bin_2.41-12+deb13u4_amd64.deb ...
#7 25.45 Unpacking libc-dev-bin (2.41-12+deb13u4) ...
#7 25.48 Selecting previously unselected package linux-libc-dev.
#7 25.48 Preparing to unpack .../32-linux-libc-dev_6.12.107-1_all.deb ...
#7 25.48 Unpacking linux-libc-dev (6.12.107-1) ...
#7 25.84 Selecting previously unselected package libcrypt-dev:amd64.
#7 25.85 Preparing to unpack .../33-libcrypt-dev_1%3a4.4.38-1_amd64.deb ...
#7 25.86 Unpacking libcrypt-dev:amd64 (1:4.4.38-1) ...
#7 25.89 Selecting previously unselected package rpcsvc-proto.
#7 25.89 Preparing to unpack .../34-rpcsvc-proto_1.4.3-1_amd64.deb ...
#7 25.89 Unpacking rpcsvc-proto (1.4.3-1) ...
#7 25.93 Selecting previously unselected package libc6-dev:amd64.
#7 25.93 Preparing to unpack .../35-libc6-dev_2.41-12+deb13u4_amd64.deb ...
#7 25.94 Unpacking libc6-dev:amd64 (2.41-12+deb13u4) ...
#7 26.08 Selecting previously unselected package make.
#7 26.08 Preparing to unpack .../36-make_4.4.1-2_amd64.deb ...
#7 26.08 Unpacking make (4.4.1-2) ...
#7 26.14 Setting up binutils-common:amd64 (2.44-3) ...
#7 26.15 Setting up linux-libc-dev (6.12.107-1) ...
#7 26.16 Setting up libctf-nobfd0:amd64 (2.44-3) ...
#7 26.17 Setting up libgomp1:amd64 (14.2.0-19) ...
#7 26.18 Setting up libsframe1:amd64 (2.44-3) ...
#7 26.20 Setting up libjansson4:amd64 (2.14-2+b3) ...
#7 26.21 Setting up rpcsvc-proto (1.4.3-1) ...
#7 26.22 Setting up make (4.4.1-2) ...
#7 26.23 Setting up libmpfr6:amd64 (4.2.2-1) ...
#7 26.24 Setting up libquadmath0:amd64 (14.2.0-19) ...
#7 26.25 Setting up libmpc3:amd64 (1.3.1-1+b3) ...
#7 26.26 Setting up libatomic1:amd64 (14.2.0-19) ...
#7 26.28 Setting up libubsan1:amd64 (14.2.0-19) ...
#7 26.29 Setting up libhwasan0:amd64 (14.2.0-19) ...
#7 26.30 Setting up libcrypt-dev:amd64 (1:4.4.38-1) ...
#7 26.31 Setting up libasan8:amd64 (14.2.0-19) ...
#7 26.33 Setting up libtsan2:amd64 (14.2.0-19) ...
#7 26.34 Setting up libbinutils:amd64 (2.44-3) ...
#7 26.35 Setting up libisl23:amd64 (0.27-1) ...
#7 26.36 Setting up libc-dev-bin (2.41-12+deb13u4) ...
#7 26.37 Setting up libcc1-0:amd64 (14.2.0-19) ...
#7 26.38 Setting up liblsan0:amd64 (14.2.0-19) ...
#7 26.39 Setting up libitm1:amd64 (14.2.0-19) ...
#7 26.40 Setting up libctf0:amd64 (2.44-3) ...
#7 26.41 Setting up libgprofng0:amd64 (2.44-3) ...
#7 26.42 Setting up cpp-14-x86-64-linux-gnu (14.2.0-19) ...
#7 26.43 Setting up cpp-14 (14.2.0-19) ...
#7 26.44 Setting up libc6-dev:amd64 (2.41-12+deb13u4) ...
#7 26.45 Setting up libgcc-14-dev:amd64 (14.2.0-19) ...
#7 26.46 Setting up binutils-x86-64-linux-gnu (2.44-3) ...
#7 26.47 Setting up cpp-x86-64-linux-gnu (4:14.2.0-1) ...
#7 26.48 Setting up binutils (2.44-3) ...
#7 26.49 Setting up cpp (4:14.2.0-1) ...
#7 26.51 Setting up gcc-14-x86-64-linux-gnu (14.2.0-19) ...
#7 26.52 Setting up gcc-x86-64-linux-gnu (4:14.2.0-1) ...
#7 26.53 Setting up gcc-14 (14.2.0-19) ...
#7 26.54 Setting up gcc (4:14.2.0-1) ...
#7 26.56 Processing triggers for libc-bin (2.41-12+deb13u4) ...
#7 DONE 26.9s

#8 [4/5] COPY main.c Makefile ./
#8 DONE 0.1s

#9 [5/5] RUN make
#9 0.218 cc -Wall -Wextra -O2 main.c -o hello
#9 DONE 0.3s

#10 exporting to image
#10 exporting layers
#10 exporting layers 6.2s done
#10 exporting manifest sha256:e6c1ecdac1f1a8bfe551d447563d5a7c33e7c806cbcc8a3dda41d90b374aea91 0.0s done
#10 exporting config sha256:c7bed2651e8129abf8399a38406c85913a6ff68b34730768eedaa1b25f3349c3 0.0s done
#10 exporting attestation manifest sha256:caec1d7599416a2d7f305a1b2886f46e76939ee87fb956b003dd6a622ac31d0e 0.0s done
#10 exporting manifest list sha256:8bd610f3943a2920e6d0c619fc2465343628a71a1be1ba0d6859a06043d440be 0.0s done
#10 naming to docker.io/library/e3-draft-reference:latest done
#10 unpacking to docker.io/library/e3-draft-reference:latest
#10 unpacking to docker.io/library/e3-draft-reference:latest 1.1s done
#10 DONE 7.4s
