#0 building with "default" instance using docker driver

#1 [internal] load build definition from Dockerfile.broken
#1 transferring dockerfile: 132B done
#1 DONE 0.0s

#2 [internal] load metadata for docker.io/library/python:3.13-slim
#2 DONE 0.4s

#3 [internal] load .dockerignore
#3 transferring context: 2B done
#3 DONE 0.0s

#4 [internal] load build context
#4 DONE 0.0s

#5 [1/4] FROM docker.io/library/python:3.13-slim@sha256:7c61056e61ac89e852de05f3dc6fa51a6dd2181797bceed46aa725dd7cb2cd3b
#5 resolve docker.io/library/python:3.13-slim@sha256:7c61056e61ac89e852de05f3dc6fa51a6dd2181797bceed46aa725dd7cb2cd3b 0.1s done
#5 DONE 0.1s

#4 [internal] load build context
#4 transferring context: 282B done
#4 DONE 0.1s

#6 [2/4] WORKDIR /work
#6 DONE 0.1s

#7 [3/4] COPY main.c Makefile ./
#7 DONE 0.1s

#8 [4/4] RUN make
#8 0.718 /bin/sh: 1: make: not found
#8 ERROR: process "/bin/sh -c make" did not complete successfully: exit code: 127
------
 > [4/4] RUN make:
0.718 /bin/sh: 1: make: not found
------
Dockerfile.broken:6
--------------------
   4 |     COPY main.c Makefile ./
   5 |     
   6 | >>> RUN make
   7 |     
   8 |     CMD ["./hello"]
--------------------
ERROR: failed to build: failed to solve: process "/bin/sh -c make" did not complete successfully: exit code: 127
